<div>local1</div>
<div>global</div>

<div>local2</div>
<div>global</div>

<div>local3</div>
<div>global</div>

<div>local4</div>
<div>global</div>

<div>local5</div>
<div>global</div>
