<div>Should override global locals</div>
<div>local</div>
<div>local</div>
